// Jest Snapshot v1, https://goo.gl/fbAQLP

exports[`should match snapshot 1`] = `
<DocumentFragment>
  <div
    class="Card"
  >
    <h4
      class="Card-title"
    >
      Rusty
    </h4>
    <img
      alt="Rusty"
      class="Card-image"
      src=""
    />
    <small
      class="Card-small"
    >
      Image  of .
    </small>
  </div>
</DocumentFragment>
`;
